---
http_interactions:
- request:
    method: post
    uri: https://slack.com/api/chat.postMessage?channel=USLACKBOT&text=HEY%20LISTEN&token=<SLACK_TOKEN>
    body:
      encoding: UTF-8
      string: ''
    headers:
      Accept-Encoding:
      - gzip;q=1.0,deflate;q=0.6,identity;q=0.3
      Accept:
      - "*/*"
      User-Agent:
      - Ruby
  response:
    status:
      code: 200
      message: OK
    headers:
      Date:
      - Thu, 08 Oct 2020 19:18:08 GMT
      Server:
      - Apache
      X-Slack-Req-Id:
      - f919dc97d5ba09e1ee2c93c458f2093b
      X-Oauth-Scopes:
      - users:read,channels:read,chat:write,incoming-webhook,groups:read,im:read,mpim:read,chat:write.customize
      Access-Control-Expose-Headers:
      - x-slack-req-id, retry-after
      Access-Control-Allow-Origin:
      - "*"
      X-Slack-Backend:
      - r
      X-Content-Type-Options:
      - nosniff
      Expires:
      - Mon, 26 Jul 1997 05:00:00 GMT
      Cache-Control:
      - private, no-cache, no-store, must-revalidate
      X-Xss-Protection:
      - '0'
      X-Accepted-Oauth-Scopes:
      - chat:write
      Access-Control-Allow-Headers:
      - slack-route, x-slack-version-ts, x-b3-traceid, x-b3-spanid, x-b3-parentspanid,
        x-b3-sampled, x-b3-flags
      Vary:
      - Accept-Encoding
      Pragma:
      - no-cache
      Strict-Transport-Security:
      - max-age=31536000; includeSubDomains; preload
      Referrer-Policy:
      - no-referrer
      Content-Length:
      - '340'
      Content-Type:
      - application/json; charset=utf-8
      X-Via:
      - haproxy-www-9rc7,haproxy-edge-pdx-ggfr
    body:
      encoding: ASCII-8BIT
      string: '{"ok":true,"channel":"D01CSQTE4QG","ts":"1602184688.000200","message":{"bot_id":"B01C94S0PMJ","type":"message","text":"HEY
        LISTEN","user":"U01BW7XP2KY","ts":"1602184688.000200","team":"T01C6M7N136","bot_profile":{"id":"B01C94S0PMJ","deleted":false,"name":"Fire
        - Pauline - Slack CLI","updated":1602014193,"app_id":"A01BZS74GDB","icons":{"image_36":"https:\/\/a.slack-edge.com\/80588\/img\/plugins\/app\/bot_36.png","image_48":"https:\/\/a.slack-edge.com\/80588\/img\/plugins\/app\/bot_48.png","image_72":"https:\/\/a.slack-edge.com\/80588\/img\/plugins\/app\/service_72.png"},"team_id":"T01C6M7N136"}}}'
  recorded_at: Thu, 08 Oct 2020 19:18:08 GMT
- request:
    method: get
    uri: https://slack.com/api/conversations.members?channel=D01CSQTE4QG&token=<SLACK_TOKEN>
    body:
      encoding: US-ASCII
      string: ''
    headers:
      Accept-Encoding:
      - gzip;q=1.0,deflate;q=0.6,identity;q=0.3
      Accept:
      - "*/*"
      User-Agent:
      - Ruby
  response:
    status:
      code: 200
      message: OK
    headers:
      Date:
      - Thu, 08 Oct 2020 19:18:09 GMT
      Server:
      - Apache
      X-Slack-Req-Id:
      - 07a97f31375d4fc2b27a0961bca1abb5
      X-Oauth-Scopes:
      - users:read,channels:read,chat:write,incoming-webhook,groups:read,im:read,mpim:read,chat:write.customize
      Access-Control-Expose-Headers:
      - x-slack-req-id, retry-after
      Access-Control-Allow-Origin:
      - "*"
      X-Slack-Backend:
      - r
      X-Content-Type-Options:
      - nosniff
      Expires:
      - Mon, 26 Jul 1997 05:00:00 GMT
      Cache-Control:
      - private, no-cache, no-store, must-revalidate
      X-Xss-Protection:
      - '0'
      X-Accepted-Oauth-Scopes:
      - channels:read,groups:read,mpim:read,im:read,read
      Access-Control-Allow-Headers:
      - slack-route, x-slack-version-ts, x-b3-traceid, x-b3-spanid, x-b3-parentspanid,
        x-b3-sampled, x-b3-flags
      Vary:
      - Accept-Encoding
      Pragma:
      - no-cache
      Strict-Transport-Security:
      - max-age=31536000; includeSubDomains; preload
      Referrer-Policy:
      - no-referrer
      Content-Length:
      - '106'
      Content-Type:
      - application/json; charset=utf-8
      X-Via:
      - haproxy-www-572o,haproxy-edge-pdx-rgh8
    body:
      encoding: ASCII-8BIT
      string: '{"ok":true,"members":["U01BW7XP2KY","USLACKBOT"],"response_metadata":{"next_cursor":""}}'
  recorded_at: Thu, 08 Oct 2020 19:18:09 GMT
- request:
    method: post
    uri: https://slack.com/api/chat.postMessage?channel=USLACKBOT&emoji=&send_as=&text=HEY%20LISTEN&token=<SLACK_TOKEN>
    body:
      encoding: UTF-8
      string: ''
    headers:
      Accept-Encoding:
      - gzip;q=1.0,deflate;q=0.6,identity;q=0.3
      Accept:
      - "*/*"
      User-Agent:
      - Ruby
  response:
    status:
      code: 200
      message: OK
    headers:
      Date:
      - Fri, 09 Oct 2020 03:35:08 GMT
      Server:
      - Apache
      X-Slack-Req-Id:
      - 51af7b217eb56a1dafe0b7f33152c8ad
      X-Oauth-Scopes:
      - users:read,channels:read,chat:write,incoming-webhook,groups:read,im:read,mpim:read,chat:write.customize
      Access-Control-Expose-Headers:
      - x-slack-req-id, retry-after
      Access-Control-Allow-Origin:
      - "*"
      X-Slack-Backend:
      - r
      X-Content-Type-Options:
      - nosniff
      Expires:
      - Mon, 26 Jul 1997 05:00:00 GMT
      Cache-Control:
      - private, no-cache, no-store, must-revalidate
      X-Xss-Protection:
      - '0'
      X-Accepted-Oauth-Scopes:
      - chat:write
      Access-Control-Allow-Headers:
      - slack-route, x-slack-version-ts, x-b3-traceid, x-b3-spanid, x-b3-parentspanid,
        x-b3-sampled, x-b3-flags
      Vary:
      - Accept-Encoding
      Pragma:
      - no-cache
      Strict-Transport-Security:
      - max-age=31536000; includeSubDomains; preload
      Referrer-Policy:
      - no-referrer
      Content-Length:
      - '340'
      Content-Type:
      - application/json; charset=utf-8
      X-Via:
      - haproxy-www-wtop,haproxy-edge-pdx-sqqp
    body:
      encoding: ASCII-8BIT
      string: '{"ok":true,"channel":"D01CSQTE4QG","ts":"1602214508.000100","message":{"bot_id":"B01C94S0PMJ","type":"message","text":"HEY
        LISTEN","user":"U01BW7XP2KY","ts":"1602214508.000100","team":"T01C6M7N136","bot_profile":{"id":"B01C94S0PMJ","deleted":false,"name":"Fire
        - Pauline - Slack CLI","updated":1602014193,"app_id":"A01BZS74GDB","icons":{"image_36":"https:\/\/a.slack-edge.com\/80588\/img\/plugins\/app\/bot_36.png","image_48":"https:\/\/a.slack-edge.com\/80588\/img\/plugins\/app\/bot_48.png","image_72":"https:\/\/a.slack-edge.com\/80588\/img\/plugins\/app\/service_72.png"},"team_id":"T01C6M7N136"}}}'
  recorded_at: Fri, 09 Oct 2020 03:35:08 GMT
- request:
    method: post
    uri: https://slack.com/api/chat.postMessage?channel=USLACKBOT&icon_emoji=&text=HEY%20LISTEN&token=<SLACK_TOKEN>&username=
    body:
      encoding: UTF-8
      string: ''
    headers:
      Accept-Encoding:
      - gzip;q=1.0,deflate;q=0.6,identity;q=0.3
      Accept:
      - "*/*"
      User-Agent:
      - Ruby
  response:
    status:
      code: 200
      message: OK
    headers:
      Date:
      - Fri, 09 Oct 2020 17:10:31 GMT
      Server:
      - Apache
      X-Slack-Req-Id:
      - 221f71cdae65cc5ea138601a0eb29c96
      X-Oauth-Scopes:
      - users:read,channels:read,chat:write,incoming-webhook,groups:read,im:read,mpim:read,chat:write.customize
      Access-Control-Expose-Headers:
      - x-slack-req-id, retry-after
      Access-Control-Allow-Origin:
      - "*"
      X-Slack-Backend:
      - r
      X-Content-Type-Options:
      - nosniff
      Expires:
      - Mon, 26 Jul 1997 05:00:00 GMT
      Cache-Control:
      - private, no-cache, no-store, must-revalidate
      X-Xss-Protection:
      - '0'
      X-Accepted-Oauth-Scopes:
      - chat:write
      Access-Control-Allow-Headers:
      - slack-route, x-slack-version-ts, x-b3-traceid, x-b3-spanid, x-b3-parentspanid,
        x-b3-sampled, x-b3-flags
      Vary:
      - Accept-Encoding
      Pragma:
      - no-cache
      Strict-Transport-Security:
      - max-age=31536000; includeSubDomains; preload
      Referrer-Policy:
      - no-referrer
      Content-Length:
      - '179'
      Content-Type:
      - application/json; charset=utf-8
      X-Via:
      - haproxy-www-m88x,haproxy-edge-pdx-cre0
    body:
      encoding: ASCII-8BIT
      string: '{"ok":true,"channel":"D01BUMDABT9","ts":"1602263431.000100","message":{"type":"message","subtype":"bot_message","text":"HEY
        LISTEN","ts":"1602263431.000100","username":"Fire - Pauline - Slack CLI","bot_id":"B01C94S0PMJ"}}'
  recorded_at: Fri, 09 Oct 2020 17:10:31 GMT
- request:
    method: get
    uri: https://slack.com/api/conversations.members?channel=D01BUMDABT9&token=<SLACK_TOKEN>
    body:
      encoding: US-ASCII
      string: ''
    headers:
      Accept-Encoding:
      - gzip;q=1.0,deflate;q=0.6,identity;q=0.3
      Accept:
      - "*/*"
      User-Agent:
      - Ruby
  response:
    status:
      code: 200
      message: OK
    headers:
      Date:
      - Fri, 09 Oct 2020 17:10:31 GMT
      Server:
      - Apache
      X-Slack-Req-Id:
      - 74b9e9f3ac4bc6849c71db10a1340db8
      X-Oauth-Scopes:
      - users:read,channels:read,chat:write,incoming-webhook,groups:read,im:read,mpim:read,chat:write.customize
      Access-Control-Expose-Headers:
      - x-slack-req-id, retry-after
      Access-Control-Allow-Origin:
      - "*"
      X-Slack-Backend:
      - r
      X-Content-Type-Options:
      - nosniff
      Expires:
      - Mon, 26 Jul 1997 05:00:00 GMT
      Cache-Control:
      - private, no-cache, no-store, must-revalidate
      X-Xss-Protection:
      - '0'
      X-Accepted-Oauth-Scopes:
      - channels:read,groups:read,mpim:read,im:read,read
      Access-Control-Allow-Headers:
      - slack-route, x-slack-version-ts, x-b3-traceid, x-b3-spanid, x-b3-parentspanid,
        x-b3-sampled, x-b3-flags
      Vary:
      - Accept-Encoding
      Pragma:
      - no-cache
      Strict-Transport-Security:
      - max-age=31536000; includeSubDomains; preload
      Referrer-Policy:
      - no-referrer
      Content-Length:
      - '60'
      Content-Type:
      - application/json; charset=utf-8
      X-Via:
      - haproxy-www-w9x0,haproxy-edge-pdx-ttqn
    body:
      encoding: ASCII-8BIT
      string: '{"ok":false,"error":"channel_not_found"}'
  recorded_at: Fri, 09 Oct 2020 17:10:31 GMT
recorded_with: VCR 6.0.0
